[    0.000000] Linux version 4.15.0-194-generic (buildd@lcy02-amd64-052) (gcc version 7.5.0 (Ubuntu 7.5.0-3ubuntu1~18.04)) #205-Ubuntu SMP Fri Sep 16 19:49:27 UTC 2022 (Ubuntu 4.15.0-194.205-generic 4.15.18)
[    0.000000] Command line: BOOT_IMAGE=/boot/vmlinuz-4.15.0-194-generic root=LABEL=cloudimg-rootfs ro console=tty1 console=ttyS0
[    0.000000] KERNEL supported cpus:
[    0.000000]   Intel GenuineIntel
[    0.000000]   AMD AuthenticAMD
[    0.000000]   Centaur CentaurHauls
[    0.000000] x86/fpu: x87 FPU will use FXSAVE
[    0.000000] e820: BIOS-provided physical RAM map:
[    0.000000] BIOS-e820: [mem 0x0000000000000000-0x000000000009fbff] usable
[    0.000000] BIOS-e820: [mem 0x000000000009fc00-0x000000000009ffff] reserved
[    0.000000] BIOS-e820: [mem 0x00000000000f0000-0x00000000000fffff] reserved
[    0.000000] BIOS-e820: [mem 0x0000000000100000-0x00000000dffeffff] usable
[    0.000000] BIOS-e820: [mem 0x00000000dfff0000-0x00000000dfffffff] ACPI data
[    0.000000] BIOS-e820: [mem 0x00000000fec00000-0x00000000fec00fff] reserved
[    0.000000] BIOS-e820: [mem 0x00000000fee00000-0x00000000fee00fff] reserved
[    0.000000] BIOS-e820: [mem 0x00000000fffc0000-0x00000000ffffffff] reserved
[    0.000000] BIOS-e820: [mem 0x0000000100000000-0x000000011fffffff] usable
[    0.000000] NX (Execute Disable) protection: active
[    0.000000] SMBIOS 2.5 present.
[    0.000000] DMI: innotek GmbH VirtualBox/VirtualBox, BIOS VirtualBox 12/01/2006
[    0.000000] Hypervisor detected: KVM
[    0.000000] e820: last_pfn = 0x120000 max_arch_pfn = 0x400000000
[    0.000000] MTRR: Disabled
[    0.000000] x86/PAT: MTRRs disabled, skipping PAT initialization too.
[    0.000000] CPU MTRRs all blank - virtualized system.
[    0.000000] x86/PAT: Configuration [0-7]: WB  WT  UC- UC  WB  WT  UC- UC  
[    0.000000] e820: last_pfn = 0xdfff0 max_arch_pfn = 0x400000000
[    0.000000] found SMP MP-table at [mem 0x0009fff0-0x0009ffff]
[    0.000000] Scanning 1 areas for low memory corruption
[    0.000000] RAMDISK: [mem 0x359cb000-0x36cdcfff]
[    0.000000] ACPI: Early table checksum verification disabled
[    0.000000] ACPI: RSDP 0x00000000000E0000 000024 (v02 VBOX  )
[    0.000000] ACPI: XSDT 0x00000000DFFF0030 00003C (v01 VBOX   VBOXXSDT 00000001 ASL  00000061)
[    0.000000] ACPI: FACP 0x00000000DFFF00F0 0000F4 (v04 VBOX   VBOXFACP 00000001 ASL  00000061)
[    0.000000] ACPI: DSDT 0x00000000DFFF0480 002325 (v02 VBOX   VBOXBIOS 00000002 INTL 20100528)
[    0.000000] ACPI: FACS 0x00000000DFFF0200 000040
[    0.000000] ACPI: FACS 0x00000000DFFF0200 000040
[    0.000000] ACPI: APIC 0x00000000DFFF0240 00006C (v02 VBOX   VBOXAPIC 00000001 ASL  00000061)
[    0.000000] ACPI: SSDT 0x00000000DFFF02B0 0001CC (v01 VBOX   VBOXCPUT 00000002 INTL 20100528)
[    0.000000] ACPI: Reserving FACP table memory at [mem 0xdfff00f0-0xdfff01e3]
[    0.000000] ACPI: Reserving DSDT table memory at [mem 0xdfff0480-0xdfff27a4]
[    0.000000] ACPI: Reserving FACS table memory at [mem 0xdfff0200-0xdfff023f]
[    0.000000] ACPI: Reserving FACS table memory at [mem 0xdfff0200-0xdfff023f]
[    0.000000] ACPI: Reserving APIC table memory at [mem 0xdfff0240-0xdfff02ab]
[    0.000000] ACPI: Reserving SSDT table memory at [mem 0xdfff02b0-0xdfff047b]
[    0.000000] No NUMA configuration found
[    0.000000] Faking a node at [mem 0x0000000000000000-0x000000011fffffff]
[    0.000000] NODE_DATA(0) allocated [mem 0x11ffd1000-0x11fffbfff]
[    0.000000] kvm-clock: cpu 0, msr 1:1ff50001, primary cpu clock
[    0.000000] kvm-clock: Using msrs 4b564d01 and 4b564d00
[    0.000000] kvm-clock: using sched offset of 4250960222 cycles
[    0.000000] clocksource: kvm-clock: mask: 0xffffffffffffffff max_cycles: 0x1cd42e4dffb, max_idle_ns: 881590591483 ns
[    0.000000] Zone ranges:
[    0.000000]   DMA      [mem 0x0000000000001000-0x0000000000ffffff]
[    0.000000]   DMA32    [mem 0x0000000001000000-0x00000000ffffffff]
[    0.000000]   Normal   [mem 0x0000000100000000-0x000000011fffffff]
[    0.000000]   Device   empty
[    0.000000] Movable zone start for each node
[    0.000000] Early memory node ranges
[    0.000000]   node   0: [mem 0x0000000000001000-0x000000000009efff]
[    0.000000]   node   0: [mem 0x0000000000100000-0x00000000dffeffff]
[    0.000000]   node   0: [mem 0x0000000100000000-0x000000011fffffff]
[    0.000000] Reserved but unavailable: 104 pages
[    0.000000] Initmem setup node 0 [mem 0x0000000000001000-0x000000011fffffff]
[    0.000000] ACPI: PM-Timer IO Port: 0x4008
[    0.000000] IOAPIC[0]: apic_id 4, version 32, address 0xfec00000, GSI 0-23
[    0.000000] ACPI: INT_SRC_OVR (bus 0 bus_irq 0 global_irq 2 dfl dfl)
[    0.000000] ACPI: INT_SRC_OVR (bus 0 bus_irq 9 global_irq 9 low level)
[    0.000000] Using ACPI (MADT) for SMP configuration information
[    0.000000] smpboot: Allowing 4 CPUs, 0 hotplug CPUs
[    0.000000] PM: Registered nosave memory: [mem 0x00000000-0x00000fff]
[    0.000000] PM: Registered nosave memory: [mem 0x0009f000-0x0009ffff]
[    0.000000] PM: Registered nosave memory: [mem 0x000a0000-0x000effff]
[    0.000000] PM: Registered nosave memory: [mem 0x000f0000-0x000fffff]
[    0.000000] PM: Registered nosave memory: [mem 0xdfff0000-0xdfffffff]
[    0.000000] PM: Registered nosave memory: [mem 0xe0000000-0xfebfffff]
[    0.000000] PM: Registered nosave memory: [mem 0xfec00000-0xfec00fff]
[    0.000000] PM: Registered nosave memory: [mem 0xfec01000-0xfedfffff]
[    0.000000] PM: Registered nosave memory: [mem 0xfee00000-0xfee00fff]
[    0.000000] PM: Registered nosave memory: [mem 0xfee01000-0xfffbffff]
[    0.000000] PM: Registered nosave memory: [mem 0xfffc0000-0xffffffff]
[    0.000000] e820: [mem 0xe0000000-0xfebfffff] available for PCI devices
[    0.000000] Booting paravirtualized kernel on KVM
[    0.000000] clocksource: refined-jiffies: mask: 0xffffffff max_cycles: 0xffffffff, max_idle_ns: 7645519600211568 ns
[    0.000000] setup_percpu: NR_CPUS:8192 nr_cpumask_bits:4 nr_cpu_ids:4 nr_node_ids:1
[    0.000000] percpu: Embedded 50 pages/cpu s167936 r8192 d28672 u524288
[    0.000000] PV qspinlock hash table entries: 256 (order: 0, 4096 bytes)
[    0.000000] Built 1 zonelists, mobility grouping on.  Total pages: 1032057
[    0.000000] Policy zone: Normal
[    0.000000] Kernel command line: BOOT_IMAGE=/boot/vmlinuz-4.15.0-194-generic root=LABEL=cloudimg-rootfs ro console=tty1 console=ttyS0
[    0.000000] Memory: 4012860K/4193848K available (12300K kernel code, 2477K rwdata, 4320K rodata, 2472K init, 2720K bss, 180988K reserved, 0K cma-reserved)
[    0.000000] SLUB: HWalign=64, Order=0-3, MinObjects=0, CPUs=4, Nodes=1
[    0.000000] Kernel/User page tables isolation: enabled
[    0.000000] ftrace: allocating 39477 entries in 155 pages
[    0.004000] Hierarchical RCU implementation.
[    0.004000] 	RCU restricting CPUs from NR_CPUS=8192 to nr_cpu_ids=4.
[    0.004000] 	Tasks RCU enabled.
[    0.004000] RCU: Adjusting geometry for rcu_fanout_leaf=16, nr_cpu_ids=4
[    0.004000] NR_IRQS: 524544, nr_irqs: 456, preallocated irqs: 16
[    0.004000] Console: colour VGA+ 80x25
[    0.004000] console [tty1] enabled
[    0.004000] console [ttyS0] enabled
[    0.004000] ACPI: Core revision 20170831
[    0.004000] ACPI: 2 ACPI AML tables successfully acquired and loaded
[    0.004000] APIC: Switch to symmetric I/O mode setup
[    0.004000] ..TIMER: vector=0x30 apic1=0 pin1=2 apic2=-1 pin2=-1
[    0.004000] tsc: Detected 2592.008 MHz processor
[    0.004000] Calibrating delay loop (skipped) preset value.. 5184.01 BogoMIPS (lpj=10368032)
[    0.004000] pid_max: default: 32768 minimum: 301
[    0.004000] Security Framework initialized
[    0.004000] Yama: becoming mindful.
[    0.004152] AppArmor: AppArmor initialized
[    0.029672] Dentry cache hash table entries: 524288 (order: 10, 4194304 bytes)
[    0.045730] Inode-cache hash table entries: 262144 (order: 9, 2097152 bytes)
[    0.048268] Mount-cache hash table entries: 8192 (order: 4, 65536 bytes)
[    0.052241] Mountpoint-cache hash table entries: 8192 (order: 4, 65536 bytes)
[    0.057630] Last level iTLB entries: 4KB 64, 2MB 8, 4MB 8
[    0.060002] Last level dTLB entries: 4KB 64, 2MB 0, 4MB 0, 1GB 4
[    0.064003] Spectre V1 : Mitigation: usercopy/swapgs barriers and __user pointer sanitization
[    0.068004] Spectre V2 : Mitigation: Retpolines
[    0.072002] Spectre V2 : Spectre v2 / SpectreRSB mitigation: Filling RSB on context switch
[    0.076003] Speculative Store Bypass: Vulnerable
[    0.080082] MDS: Mitigation: Clear CPU buffers
[    0.084002] MMIO Stale Data: Mitigation: Clear CPU buffers
[    0.088162] Freeing SMP alternatives memory: 36K
[    0.205203] smpboot: CPU0: Intel(R) Core(TM) i7-9750H CPU @ 2.60GHz (family: 0x6, model: 0x9e, stepping: 0xa)
[    0.208558] Performance Events: unsupported p6 CPU model 158 no PMU driver, software events only.
[    0.212117] Hierarchical SRCU implementation.
[    0.216789] NMI watchdog: Perf event create on CPU 0 failed with -2
[    0.220002] NMI watchdog: Perf NMI watchdog permanently disabled
[    0.224607] smp: Bringing up secondary CPUs ...
[    0.232754] x86: Booting SMP configuration:
[    0.236003] .... node  #0, CPUs:      #1
[    0.004000] kvm-clock: cpu 1, msr 1:1ff50041, secondary cpu clock
[    0.248855]  #2
[    0.004000] kvm-clock: cpu 2, msr 1:1ff50081, secondary cpu clock
[    0.260675]  #3
[    0.004000] kvm-clock: cpu 3, msr 1:1ff500c1, secondary cpu clock
[    0.270104] smp: Brought up 1 node, 4 CPUs
[    0.272004] smpboot: Max logical packages: 1
[    0.276006] smpboot: Total of 4 processors activated (20736.06 BogoMIPS)
[    0.284004] devtmpfs: initialized
[    0.288174] x86/mm: Memory block size: 128MB
[    0.293069] evm: security.selinux
[    0.296006] evm: security.SMACK64
[    0.299106] evm: security.SMACK64EXEC
[    0.300003] evm: security.SMACK64TRANSMUTE
[    0.304003] evm: security.SMACK64MMAP
[    0.307414] evm: security.apparmor
[    0.308003] evm: security.ima
[    0.312002] evm: security.capability
[    0.316449] clocksource: jiffies: mask: 0xffffffff max_cycles: 0xffffffff, max_idle_ns: 7645041785100000 ns
[    0.320029] futex hash table entries: 1024 (order: 4, 65536 bytes)
[    0.324309] pinctrl core: initialized pinctrl subsystem
[    0.328565] RTC time: 18:39:50, date: 10/19/22
[    0.337011] NET: Registered protocol family 16
[    0.340206] audit: initializing netlink subsys (disabled)
[    0.344302] audit: type=2000 audit(1666204795.863:1): state=initialized audit_enabled=0 res=1
[    0.352009] cpuidle: using governor ladder
[    0.356017] cpuidle: using governor menu
[    0.360106] ACPI: bus type PCI registered
[    0.364005] acpiphp: ACPI Hot Plug PCI Controller Driver version: 0.5
[    0.368701] PCI: Using configuration type 1 for base access
[    0.377386] HugeTLB registered 2.00 MiB page size, pre-allocated 0 pages
[    0.384362] ACPI: Added _OSI(Module Device)
[    0.388008] ACPI: Added _OSI(Processor Device)
[    0.392000] ACPI: Added _OSI(3.0 _SCP Extensions)
[    0.392006] ACPI: Added _OSI(Processor Aggregator Device)
[    0.396008] ACPI: Added _OSI(Linux-Dell-Video)
[    0.400008] ACPI: Added _OSI(Linux-Lenovo-NV-HDMI-Audio)
[    0.404007] ACPI: Added _OSI(Linux-HPI-Hybrid-Graphics)
[    0.408871] ACPI: Executed 1 blocks of module-level executable AML code
[    0.419872] ACPI: Interpreter enabled
[    0.420018] ACPI: (supports S0 S5)
[    0.424006] ACPI: Using IOAPIC for interrupt routing
[    0.428421] PCI: Using host bridge windows from ACPI; if necessary, use "pci=nocrs" and report a bug
[    0.432313] ACPI: Enabled 2 GPEs in block 00 to 07
[    0.449606] ACPI: PCI Root Bridge [PCI0] (domain 0000 [bus 00-ff])
[    0.452009] acpi PNP0A03:00: _OSC: OS supports [ASPM ClockPM Segments MSI]
[    0.456760] acpi PNP0A03:00: _OSC: not requesting OS control; OS requires [ExtendedConfig ASPM ClockPM MSI]
[    0.460023] acpi PNP0A03:00: fail to add MMCONFIG information, can't access extended PCI configuration space under this bridge.
[    0.464851] PCI host bridge to bus 0000:00
[    0.468004] pci_bus 0000:00: root bus resource [io  0x0000-0x0cf7 window]
[    0.472004] pci_bus 0000:00: root bus resource [io  0x0d00-0xffff window]
[    0.476006] pci_bus 0000:00: root bus resource [mem 0x000a0000-0x000bffff window]
[    0.480007] pci_bus 0000:00: root bus resource [mem 0xe0000000-0xfdffffff window]
[    0.484004] pci_bus 0000:00: root bus resource [bus 00-ff]
[    0.497518] pci 0000:00:01.1: legacy IDE quirk: reg 0x10: [io  0x01f0-0x01f7]
[    0.500003] pci 0000:00:01.1: legacy IDE quirk: reg 0x14: [io  0x03f6]
[    0.504009] pci 0000:00:01.1: legacy IDE quirk: reg 0x18: [io  0x0170-0x0177]
[    0.508004] pci 0000:00:01.1: legacy IDE quirk: reg 0x1c: [io  0x0376]
[    0.538440] pci 0000:00:07.0: quirk: [io  0x4000-0x403f] claimed by PIIX4 ACPI
[    0.540039] pci 0000:00:07.0: quirk: [io  0x4100-0x410f] claimed by PIIX4 SMB
[    0.557143] ACPI: PCI Interrupt Link [LNKA] (IRQs 5 9 10 *11)
[    0.560568] ACPI: PCI Interrupt Link [LNKB] (IRQs 5 9 *10 11)
[    0.564234] ACPI: PCI Interrupt Link [LNKC] (IRQs 5 *9 10 11)
[    0.568204] ACPI: PCI Interrupt Link [LNKD] (IRQs 5 9 10 *11)
[    0.573035] SCSI subsystem initialized
[    0.576328] pci 0000:00:02.0: vgaarb: setting as boot VGA device
[    0.580000] pci 0000:00:02.0: vgaarb: VGA device added: decodes=io+mem,owns=io+mem,locks=none
[    0.580104] pci 0000:00:02.0: vgaarb: bridge control possible
[    0.584002] vgaarb: loaded
[    0.588066] ACPI: bus type USB registered
[    0.592018] usbcore: registered new interface driver usbfs
[    0.596016] usbcore: registered new interface driver hub
[    0.600011] usbcore: registered new device driver usb
[    0.608009] EDAC MC: Ver: 3.0.0
[    0.616136] PCI: Using ACPI for IRQ routing
[    0.620897] NetLabel: Initializing
[    0.624002] NetLabel:  domain hash size = 128
[    0.628002] NetLabel:  protocols = UNLABELED CIPSOv4 CALIPSO
[    0.632184] NetLabel:  unlabeled traffic allowed by default
[    0.640470] clocksource: Switched to clocksource kvm-clock
[    0.649228] VFS: Disk quotas dquot_6.6.0
[    0.649228] VFS: Dquot-cache hash table entries: 512 (order 0, 4096 bytes)
[    0.649228] AppArmor: AppArmor Filesystem Enabled
[    0.649228] pnp: PnP ACPI init
[    0.649228] pnp: PnP ACPI: found 3 devices
[    0.755916] clocksource: acpi_pm: mask: 0xffffff max_cycles: 0xffffff, max_idle_ns: 2085701024 ns
[    0.756728] NET: Registered protocol family 2
[    0.756728] IP idents hash table entries: 65536 (order: 7, 524288 bytes)
[    0.756728] TCP established hash table entries: 32768 (order: 6, 262144 bytes)
[    0.785326] TCP bind hash table entries: 32768 (order: 7, 524288 bytes)
[    0.793203] TCP: Hash tables configured (established 32768 bind 32768)
[    0.795318] UDP hash table entries: 2048 (order: 4, 65536 bytes)
[    0.795318] UDP-Lite hash table entries: 2048 (order: 4, 65536 bytes)
[    0.795318] NET: Registered protocol family 1
[    0.795318] pci 0000:00:00.0: Limiting direct PCI/PCI transfers
[    0.795318] pci 0000:00:01.0: Activating ISA DMA hang workarounds
[    0.795318] pci 0000:00:02.0: Video device with shadowed ROM at [mem 0x000c0000-0x000dffff]
[    0.795318] Unpacking initramfs...
[    1.277169] Freeing initrd memory: 19528K
[    1.281504] PCI-DMA: Using software bounce buffering for IO (SWIOTLB)
[    1.285344] software IO TLB: mapped [mem 0xdbff0000-0xdfff0000] (64MB)
[    1.285344] clocksource: tsc: mask: 0xffffffffffffffff max_cycles: 0x255cbea3061, max_idle_ns: 440795313801 ns
[    1.285344] platform rtc_cmos: registered platform RTC device (no PNP device found)
[    1.285344] Scanning for low memory corruption every 60 seconds
[    1.315875] Initialise system trusted keyrings
[    1.320234] Key type blacklist registered
[    1.324512] workingset: timestamp_bits=36 max_order=20 bucket_order=0
[    1.334621] zbud: loaded
[    1.338832] squashfs: version 4.0 (2009/01/31) Phillip Lougher
[    1.345570] fuse init (API version 7.26)
[    1.375624] Key type asymmetric registered
[    1.379857] Asymmetric key parser 'x509' registered
[    1.384638] Block layer SCSI generic (bsg) driver version 0.4 loaded (major 246)
[    1.393400] io scheduler noop registered
[    1.397756] io scheduler deadline registered
[    1.402433] io scheduler cfq registered (default)
[    1.408649] ACPI: AC Adapter [AC] (on-line)
[    1.414250] input: Power Button as /devices/LNXSYSTM:00/LNXPWRBN:00/input/input0
[    1.421106] ACPI: Power Button [PWRF]
[    1.424726] input: Sleep Button as /devices/LNXSYSTM:00/LNXSLPBN:00/input/input1
[    1.431895] ACPI: Sleep Button [SLPF]
[    1.438325] ACPI: Battery Slot [BAT0] (battery present)
[    1.443239] Serial: 8250/16550 driver, 32 ports, IRQ sharing enabled
[    1.476018] 00:02: ttyS0 at I/O 0x3f8 (irq = 4, base_baud = 115200) is a 16550A
[    1.500989] Linux agpgart interface v0.103
[    1.517068] loop: module loaded
[    1.523324] scsi host0: ata_piix
[    1.527939] scsi host1: ata_piix
[    1.531375] ata1: PATA max UDMA/33 cmd 0x1f0 ctl 0x3f6 bmdma 0xd000 irq 14
[    1.535186] ata2: PATA max UDMA/33 cmd 0x170 ctl 0x376 bmdma 0xd008 irq 15
[    1.544298] tun: Universal TUN/TAP device driver, 1.6
[    1.549936] PPP generic driver version 2.4.2
[    1.554739] ehci_hcd: USB 2.0 'Enhanced' Host Controller (EHCI) Driver
[    1.558655] ehci-pci: EHCI PCI platform driver
[    1.558655] ehci-platform: EHCI generic platform driver
[    1.558655] ohci_hcd: USB 1.1 'Open' Host Controller (OHCI) Driver
[    1.558655] ohci-pci: OHCI PCI platform driver
[    1.558655] ohci-platform: OHCI generic platform driver
[    1.558655] uhci_hcd: USB Universal Host Controller Interface driver
[    1.558655] i8042: PNP: PS/2 Controller [PNP0303:PS2K,PNP0f03:PS2M] at 0x60,0x64 irq 1,12
[    1.604556] serio: i8042 KBD port at 0x60,0x64 irq 1
[    1.609672] serio: i8042 AUX port at 0x60,0x64 irq 12
[    1.615883] mousedev: PS/2 mouse device common for all mice
[    1.624669] rtc_cmos rtc_cmos: rtc core: registered rtc_cmos as rtc0
[    1.631700] rtc_cmos rtc_cmos: alarms up to one day, 114 bytes nvram
[    1.637986] i2c /dev entries driver
[    1.641446] input: AT Translated Set 2 keyboard as /devices/platform/i8042/serio0/input/input2
[    1.641790] device-mapper: uevent: version 1.0.3
[    1.648958] device-mapper: ioctl: 4.37.0-ioctl (2017-09-20) initialised: dm-devel@redhat.com
[    1.665315] ledtrig-cpu: registered to indicate activity on CPUs
[    1.675213] NET: Registered protocol family 10
[    1.694002] Segment Routing with IPv6
[    1.701773] NET: Registered protocol family 17
[    1.712555] Key type dns_resolver registered
[    1.773054] mce: Using 0 MCE banks
[    1.776794] RAS: Correctable Errors collector initialized.
[    1.782195] sched_clock: Marking stable (1782135254, 0)->(3061189193, -1279053939)
[    1.795701] registered taskstats version 1
[    1.800096] Loading compiled-in X.509 certificates
[    1.815158] Loaded X.509 cert 'Build time autogenerated kernel key: 6303a3b02fa1c7713b8a75ba7ba622fabd5dd271'
[    1.824973] Loaded X.509 cert 'Canonical Ltd. Live Patch Signing: 14df34d1a87cf37625abec039ef2bf521249b969'
[    1.834869] Loaded X.509 cert 'Canonical Ltd. Kernel Module Signing: 88f752e560a1e0737e31163a466ad7b70a850c19'
[    1.844123] blacklist: Loading compiled-in revocation X.509 certificates
[    1.851376] Loaded X.509 cert 'Canonical Ltd. Secure Boot Signing: 61482aa2830d0ab2ad5af10b7250da9033ddcef0'
[    1.860873] zswap: loaded using pool lzo/zbud
[    1.881629] Key type big_key registered
[    1.885854] Key type trusted registered
[    1.899388] Key type encrypted registered
[    1.903914] AppArmor: AppArmor sha1 policy hashing enabled
[    1.912444] ima: No TPM chip found, activating TPM-bypass! (rc=-19)
[    1.918747] ima: Allocated hash algorithm: sha1
[    1.923274] evm: HMAC attrs: 0x1
[    1.927335]   Magic number: 10:495:696
[    1.932412] rtc_cmos rtc_cmos: setting system clock to 2022-10-19 18:39:52 UTC (1666204792)
[    1.940925] BIOS EDD facility v0.16 2004-Jun-25, 0 devices found
[    1.946374] EDD information not available.
[    1.954725] Freeing unused kernel image memory: 2472K
[    2.370935] Write protecting the kernel read-only data: 20480k
[    2.378066] Freeing unused kernel image memory: 2008K
[    2.384427] Freeing unused kernel image memory: 1824K
[    2.394761] x86/mm: Checked W+X mappings: passed, no W+X pages found.
[    2.400970] x86/mm: Checking user space page tables
[    2.410549] x86/mm: Checked W+X mappings: passed, no W+X pages found.
Loading, please wait...
starting version 237
[    2.511057] e1000: Intel(R) PRO/1000 Network Driver - version 7.3.21-k8-NAPI
[    2.524397] e1000: Copyright (c) 1999-2006 Intel Corporation.
[    2.538928] Fusion MPT base driver 3.04.20
[    2.543446] Copyright (c) 1999-2008 LSI Corporation
[    2.563964] Fusion MPT SPI Host driver 3.04.20
[    2.797976] input: ImExPS/2 Generic Explorer Mouse as /devices/platform/i8042/serio1/input/input4
[    3.198457] e1000 0000:00:03.0 eth0: (PCI:33MHz:32-bit) 02:8e:c5:29:b5:69
[    3.204498] e1000 0000:00:03.0 eth0: Intel(R) PRO/1000 Network Connection
[    3.864955] e1000 0000:00:08.0 eth1: (PCI:33MHz:32-bit) 08:00:27:94:47:7f
[    3.871369] e1000 0000:00:08.0 eth1: Intel(R) PRO/1000 Network Connection
[    3.881498] e1000 0000:00:08.0 enp0s8: renamed from eth1
[    3.888735] mptbase: ioc0: Initiating bringup
[    4.202547] e1000 0000:00:03.0 enp0s3: renamed from eth0
[    4.296135] ioc0: LSI53C1030 A0: Capabilities={Initiator}
[    4.793345] scsi host2: ioc0: LSI53C1030 A0, FwRev=00000000h, Ports=1, MaxQ=256, IRQ=20
[    5.288953] scsi 2:0:0:0: Direct-Access     VBOX     HARDDISK         1.0  PQ: 0 ANSI: 5
[    5.710548] scsi target2:0:0: Beginning Domain Validation
[    5.724193] scsi target2:0:0: Domain Validation skipping write tests
[    5.729861] scsi target2:0:0: Ending Domain Validation
[    5.734781] scsi target2:0:0: asynchronous
[    5.740769] scsi 2:0:1:0: Direct-Access     VBOX     HARDDISK         1.0  PQ: 0 ANSI: 5
[    5.909132] scsi target2:0:1: Beginning Domain Validation
[    5.920928] scsi target2:0:1: Domain Validation skipping write tests
[    5.926973] scsi target2:0:1: Ending Domain Validation
[    5.932404] scsi target2:0:1: asynchronous
[    5.948781] sd 2:0:0:0: [sda] 83886080 512-byte logical blocks: (42.9 GB/40.0 GiB)
[    5.958814] sd 2:0:0:0: Attached scsi generic sg0 type 0
[    5.964228] sd 2:0:0:0: [sda] Write Protect is off
[    5.969150] sd 2:0:0:0: [sda] Incomplete mode parameter data
[    5.974451] sd 2:0:0:0: [sda] Assuming drive cache: write through
[    5.982018] sd 2:0:1:0: Attached scsi generic sg1 type 0
[    5.989116] sd 2:0:1:0: [sdb] 20480 512-byte logical blocks: (10.5 MB/10.0 MiB)
[    5.997105] sd 2:0:1:0: [sdb] Write Protect is off
[    6.002240]  sda: sda1
[    6.007539] sd 2:0:1:0: [sdb] Incomplete mode parameter data
[    6.010554] sd 2:0:0:0: [sda] Attached SCSI disk
[    6.012873] sd 2:0:1:0: [sdb] Assuming drive cache: write through
[    6.037367] sd 2:0:1:0: [sdb] Attached SCSI disk
Begin: Loading essential drivers ... [    8.476076] raid6: sse2x1   gen() 12528 MB/s
[    8.525785] raid6: sse2x1   xor()  9355 MB/s
[    8.576624] raid6: sse2x2   gen() 16560 MB/s
[    8.629358] raid6: sse2x2   xor()  9626 MB/s
[    8.682093] raid6: sse2x4   gen() 15814 MB/s
[    8.732099] raid6: sse2x4   xor() 10028 MB/s
[    8.736341] raid6: using algorithm sse2x2 gen() 16560 MB/s
[    8.741721] raid6: .... xor() 9626 MB/s, rmw enabled
[    8.748746] raid6: using ssse3x2 recovery algorithm
[    8.758768] xor: measuring software checksum speed
[    8.800172]    prefetch64-sse: 19558.000 MB/sec
[    8.840390]    generic_sse: 30651.000 MB/sec
[    8.844859] xor: using function: generic_sse (30651.000 MB/sec)
[    8.855579] async_tx: api initialized (async)
done.
Begin: Running /scripts/init-premount ... done.
Begin: Mounting root file system ... Begin: Running /scripts/local-top ... done.
Begin: Running /scripts/local-premount ... [    8.938322] Btrfs loaded, crc32c=crc32c-intel
Scanning for Btrfs filesystems
done.
Warning: fsck not present, so skipping root file system
[    9.005681] EXT4-fs (sda1): mounted filesystem with ordered data mode. Opts: (null)
done.
Begin: Running /scripts/local-bottom ... done.
Begin: Running /scripts/init-bottom ... done.
[    9.233912] ip_tables: (C) 2000-2006 Netfilter Core Team
[    9.255589] systemd[1]: systemd 237 running in system mode. (+PAM +AUDIT +SELINUX +IMA +APPARMOR +SMACK +SYSVINIT +UTMP +LIBCRYPTSETUP +GCRYPT +GNUTLS +ACL +XZ +LZ4 +SECCOMP +BLKID +ELFUTILS +KMOD -IDN2 +IDN -PCRE2 default-hierarchy=hybrid)
[    9.273884] systemd[1]: Detected virtualization oracle.
[    9.279456] systemd[1]: Detected architecture x86-64.

Welcome to [1mUbuntu 18.04.6 LTS[0m!

[    9.368114] systemd[1]: Set hostname to <ubuntu>.
[    9.379332] random: systemd: uninitialized urandom read (16 bytes read)
[    9.386016] systemd[1]: Initializing machine ID from random generator.
[    9.392256] systemd[1]: Installed transient /etc/machine-id file.
[    9.726675] random: systemd: uninitialized urandom read (16 bytes read)
[    9.732833] systemd[1]: Reached target System Time Synchronized.
[[0;32m  OK  [0m] Reached target System Time Synchronized.
[    9.740670] random: systemd: uninitialized urandom read (16 bytes read)
[    9.746595] systemd[1]: Reached target Swap.
[[0;32m  OK  [0m] Reached target Swap.
[    9.753393] systemd[1]: Set up automount Arbitrary Executable File Formats File System Automount Point.
[[0;32m  OK  [0m] Set up automount Arbitrary Executabâ€¦rmats File System Automount Point.
[    9.765215] systemd[1]: Started Forward Password Requests to Wall Directory Watch.
[[0;32m  OK  [0m] Started Forward Password Requests to Wall Directory Watch.
[[0;32m  OK  [0m] Created slice System Slice.
[[0;32m  OK  [0m] Listening on udev Kernel Socket.
[[0;32m  OK  [0m] Listening on Network Service Netlink Socket.
[[0;32m  OK  [0m] Listening on fsck to fsckd communication Socket.
[[0;32m  OK  [0m] Listening on udev Control Socket.
[[0;32m  OK  [0m] Listening on LVM2 metadata daemon socket.
[[0;32m  OK  [0m] Listening on LVM2 poll daemon socket.
[[0;32m  OK  [0m] Listening on Journal Socket (/dev/log).
[[0;32m  OK  [0m] Listening on Device-mapper event daemon FIFOs.
[[0;32m  OK  [0m] Created slice system-serial\x2dgetty.slice.
[[0;32m  OK  [0m] Listening on Journal Audit Socket.
[[0;32m  OK  [0m] Listening on Syslog Socket.
[[0;32m  OK  [0m] Listening on /dev/initctl Compatibility Named Pipe.
[[0;32m  OK  [0m] Reached target User and Group Name Lookups.
[[0;32m  OK  [0m] Listening on Journal Socket.
         Starting udev Coldplug all Devices...
         Mounting Huge Pages File System...
         Starting Create list of required stâ€¦ce nodes for the current kernel...
         Starting Journal Service...
         Starting Monitoring of LVM2 mirrorsâ€¦ng dmeventd or progress polling...
         Mounting Kernel Debug File System...
         Mounting POSIX Message Queue File System...
         Starting File System Check on Root Device...
         Starting Set the console keyboard layout...
         Starting Load Kernel Modules...
         Starting Uncomplicated firewall...
[[0;32m  OK  [0m] Created slice User and Session Slice.
[[0;32m  OK  [0m] Reached target Slices.
[[0;32m  OK  [0m] Mounted Huge Pages File System.
[[0;32m  OK  [0m] Started Create list of required staâ€¦vice nodes for the current kernel.
[[0;32m  OK  [0m] Mounted Kernel Debug File System.
[[0;32m  OK  [0m] Mounted POSIX Message Queue File System.
[[0;32m  OK  [0m] Started File System Check Daemon to report status.
         Starting Create Static Device Nodes in /dev...
[[0;32m  OK  [0m] Started LVM2 metadata daemon.
[[0;32m  OK  [0m] Started udev Coldplug all Devices.
[[0;32m  OK  [0m] Started Journal Service.
[   10.052700] Loading iSCSI transport class v2.0-870.
[[0;32m  OK  [0m] Started Uncomplicated firewall.
[[0;32m  OK  [0m] Started Create Static Device Nodes in /dev.
[[0;32m  OK  [0m] Started File System Check on Root Device.
         Starting Remount Root and Kernel File Systems...
[   10.144338] iscsi: registered transport (tcp)
[[0;32m  OK  [0m] Started Monitoring of LVM2 mirrors,â€¦sing dmeventd or progress polling.
[   10.194432] EXT4-fs (sda1): re-mounted. Opts: (null)
[[0;32m  OK  [0m] Started Remount Root and Kernel File Systems.
         Starting Load/Save Random Seed...
[   10.230760] iscsi: registered transport (iser)
         Starting udev Kernel Device Manager...
         Starting Flush Journal to Persistent Storage...
[[0;32m  OK  [0m] Started Load Kernel Modules.
         Mounting Kernel Configuration File System...
         Starting Apply Kernel Variables...
         Mounting FUSE Control File System...
[[0;32m  OK  [0m] Started Load/Save Random Seed.
[[0;32m  OK  [0m] Mounted Kernel Configuration File System.
[[0;32m  OK  [0m] Mounted FUSE Control File System.
[   10.289069] systemd-journald[397]: Received request to flush runtime journal from PID 1
[[0;32m  OK  [0m] Started udev Kernel Device Manager.
[[0;32m  OK  [0m] Started Set the console keyboard layout.
[[0;32m  OK  [0m] Reached target Local File Systems (Pre).
[[0;32m  OK  [0m] Reached target Local File Systems.
         Starting Set console font and keymap...
         Starting ebtables ruleset management...
         Starting AppArmor initialization...
         Starting Commit a transient machine-id on disk...
         Starting Tell Plymouth To Write Out Runtime Data...
[[0;32m  OK  [0m] Started Dispatch Password Requests to Console Directory Watch.
[[0;32m  OK  [0m] Reached target Local Encrypted Volumes.
[[0;32m  OK  [0m] Started Apply Kernel Variables.
[[0;32m  OK  [0m] Started Set console font and keymap.
[[0;32m  OK  [0m] Started Flush Journal to Persistent Storage.
         Starting Create Volatile Files and Directories...
[[0;32m  OK  [0m] Started Tell Plymouth To Write Out Runtime Data.
[[0;32m  OK  [0m] Started Create Volatile Files and Directories.
         Starting Update UTMP about System Boot/Shutdown...
[[0;32m  OK  [0m] Started Commit a transient machine-id on disk.
[[0;32m  OK  [0m] Started Update UTMP about System Boot/Shutdown.
[[0;32m  OK  [0m] Started ebtables ruleset management.
[[0;32m  OK  [0m] Found device /dev/ttyS0.
[[0;32m  OK  [0m] Listening on Load/Save RF Kill Switch Status /dev/rfkill Watch.
[[0;32m  OK  [0m] Started AppArmor initialization.
         Starting Load AppArmor profiles managed internally by snapd...
         Starting Initial cloud-init job (pre-networking)...
[[0;32m  OK  [0m] Started Load AppArmor profiles managed internally by snapd.
[   15.011983] cloud-init[545]: Cloud-init v. 22.2-0ubuntu1~18.04.3 running 'init-local' at Wed, 19 Oct 2022 18:40:05 +0000. Up 14.62 seconds.
[[0;32m  OK  [0m] Started Initial cloud-init job (pre-networking).
[[0;32m  OK  [0m] Reached target Network (Pre).
         Starting Network Service...
[[0;32m  OK  [0m] Started Network Service.
         Starting Wait for Network to be Configured...
         Starting Network Name Resolution...
[[0;32m  OK  [0m] Started Network Name Resolution.
[[0;32m  OK  [0m] Reached target Network.
[[0;32m  OK  [0m] Reached target Host and Network Name Lookups.
[[0;32m  OK  [0m] Started Wait for Network to be Configured.
         Starting Initial cloud-init job (metadata service crawler)...
[   17.616747] cloud-init[658]: Cloud-init v. 22.2-0ubuntu1~18.04.3 running 'init' at Wed, 19 Oct 2022 18:40:08 +0000. Up 17.43 seconds.
[   17.621224] cloud-init[658]: ci-info: ++++++++++++++++++++++++++++++++++++++Net device info+++++++++++++++++++++++++++++++++++++++
[   17.625838] cloud-init[658]: ci-info: +--------+-------+----------------------------+---------------+--------+-------------------+
[   17.630585] cloud-init[658]: ci-info: | Device |   Up  |          Address           |      Mask     | Scope  |     Hw-Address    |
[   17.636203] cloud-init[658]: ci-info: +--------+-------+----------------------------+---------------+--------+-------------------+
[   17.643063] cloud-init[658]: ci-info: | enp0s3 |  True |         10.0.2.15          | 255.255.255.0 | global | 02:8e:c5:29:b5:69 |
[   17.647763] cloud-init[658]: ci-info: | enp0s3 |  True | fe80::8e:c5ff:fe29:b569/64 |       .       |  link  | 02:8e:c5:29:b5:69 |
[   17.652569] cloud-init[658]: ci-info: | enp0s8 | False |             .              |       .       |   .    | 08:00:27:94:47:7f |
[   17.658161] cloud-init[658]: ci-info: |   lo   |  True |         127.0.0.1          |   255.0.0.0   |  host  |         .         |
[   17.665686] cloud-init[658]: ci-info: |   lo   |  True |          ::1/128           |       .       |  host  |         .         |
[   17.669887] cloud-init[658]: ci-info: +--------+-------+----------------------------+---------------+--------+-------------------+
[   17.674517] cloud-init[658]: ci-info: ++++++++++++++++++++++++++++Route IPv4 info+++++++++++++++++++++++++++++
[   17.678583] cloud-init[658]: ci-info: +-------+-------------+----------+-----------------+-----------+-------+
[   17.682334] cloud-init[658]: ci-info: | Route | Destination | Gateway  |     Genmask     | Interface | Flags |
[   17.686801] cloud-init[658]: ci-info: +-------+-------------+----------+-----------------+-----------+-------+
[   17.691212] cloud-init[658]: ci-info: |   0   |   0.0.0.0   | 10.0.2.2 |     0.0.0.0     |   enp0s3  |   UG  |
[   17.695517] cloud-init[658]: ci-info: |   1   |   10.0.2.0  | 0.0.0.0  |  255.255.255.0  |   enp0s3  |   U   |
[   17.714279] cloud-init[658]: ci-info: |   2   |   10.0.2.2  | 0.0.0.0  | 255.255.255.255 |   enp0s3  |   UH  |
[   17.721274] cloud-init[658]: ci-info: +-------+-------------+----------+-----------------+-----------+-------+
[   17.725626] cloud-init[658]: ci-info: +++++++++++++++++++Route IPv6 info+++++++++++++++++++
[   17.730387] cloud-init[658]: ci-info: +-------+-------------+---------+-----------+-------+
[   17.733700] cloud-init[658]: ci-info: | Route | Destination | Gateway | Interface | Flags |
[   17.736788] cloud-init[658]: ci-info: +-------+-------------+---------+-----------+-------+
[   17.740480] cloud-init[658]: ci-info: |   1   |  fe80::/64  |    ::   |   enp0s3  |   U   |
[   17.744590] cloud-init[658]: ci-info: |   3   |    local    |    ::   |   enp0s3  |   U   |
[   17.748389] cloud-init[658]: ci-info: |   4   |   ff00::/8  |    ::   |   enp0s3  |   U   |
[   17.753285] cloud-init[658]: ci-info: +-------+-------------+---------+-----------+-------+
[   18.869992] cloud-init[658]: Generating public/private rsa key pair.
[   18.873814] cloud-init[658]: Your identification has been saved in /etc/ssh/ssh_host_rsa_key.
[   18.877622] cloud-init[658]: Your public key has been saved in /etc/ssh/ssh_host_rsa_key.pub.
[   18.881877] cloud-init[658]: The key fingerprint is:
[   18.885045] cloud-init[658]: SHA256:q76cO8fetni+2yIWEc20Ik6TNMMRVDiWkHqydcP3q6M root@ubuntu-bionic
[   18.889764] cloud-init[658]: The key's randomart image is:
[   18.893658] cloud-init[658]: +---[RSA 2048]----+
[   18.896827] cloud-init[658]: |    .=B*.+.      |
[   18.899210] cloud-init[658]: |    ..*+. o.     |
[   18.901779] cloud-init[658]: |   . o=....      |
[   18.904048] cloud-init[658]: |  o oo+oo.       |
[   18.906518] cloud-init[658]: |   = ..oSo       |
[   18.909112] cloud-init[658]: |  .     ...      |
[   18.911453] cloud-init[658]: |       ... .     |
[   18.914846] cloud-init[658]: |     ..o*o=.     |
[   18.917331] cloud-init[658]: |     .EO+B*=.    |
[   18.919444] cloud-init[658]: +----[SHA256]-----+
[   18.921940] cloud-init[658]: Generating public/private dsa key pair.
[   18.925413] cloud-init[658]: Your identification has been saved in /etc/ssh/ssh_host_dsa_key.
[   18.929815] cloud-init[658]: Your public key has been saved in /etc/ssh/ssh_host_dsa_key.pub.
[   18.933670] cloud-init[658]: The key fingerprint is:
[   18.935841] cloud-init[658]: SHA256:RrUDxy9MHITXx2iHIPh4sGX/GVBp1zOzQa5s7cCghYg root@ubuntu-bionic
[   18.940574] cloud-init[658]: The key's randomart image is:
[   18.942656] cloud-init[658]: +---[DSA 1024]----+
[   18.945066] cloud-init[658]: |       .o=*=.=.o |
[   18.947132] cloud-init[658]: |      + ==B.B *=.|
[   18.949208] cloud-init[658]: |     E O.*oB + .*|
[   18.951210] cloud-init[658]: |      o.o *.* o. |
[   18.953258] cloud-init[658]: |       .S. o O . |
[   18.955130] cloud-init[658]: |       .    + o  |
[   18.957173] cloud-init[658]: |               . |
[   18.959078] cloud-init[658]: |                 |
[   18.961308] cloud-init[658]: |                 |
[   18.963059] cloud-init[658]: +----[SHA256]-----+
[   18.965014] cloud-init[658]: Generating public/private ecdsa key pair.
[   18.968112] cloud-init[658]: Your identification has been saved in /etc/ssh/ssh_host_ecdsa_key.
[   18.971499] cloud-init[658]: Your public key has been saved in /etc/ssh/ssh_host_ecdsa_key.pub.
[   18.975306] cloud-init[658]: The key fingerprint is:
[   18.977371] cloud-init[658]: SHA256:MCjZ43gSPNIPZTd/F2OXhlFr4Y103bWLmbd8zBxIYcQ root@ubuntu-bionic
[   18.981124] cloud-init[658]: The key's randomart image is:
[   18.983311] cloud-init[658]: +---[ECDSA 256]---+
[   18.985374] cloud-init[658]: |    o o     BB=.*|
[   18.987167] cloud-init[658]: | o = o o   .oE+*+|
[   18.989335] cloud-init[658]: |. O + o . . .o=..|
[   18.991461] cloud-init[658]: | . O . o . ...= .|
[   18.993340] cloud-init[658]: |  o +   S    = + |
[   18.995168] cloud-init[658]: |   o          o+o|
[   18.997510] cloud-init[658]: |               o=|
[   18.999519] cloud-init[658]: |                .|
[   19.001351] cloud-init[658]: |                 |
[   19.003329] cloud-init[658]: +----[SHA256]-----+
[   19.005868] cloud-init[658]: Generating public/private ed25519 key pair.
[   19.008892] cloud-init[658]: Your identification has been saved in /etc/ssh/ssh_host_ed25519_key.
[   19.012665] cloud-init[658]: Your public key has been saved in /etc/ssh/ssh_host_ed25519_key.pub.
[   19.016520] cloud-init[658]: The key fingerprint is:
[   19.018909] cloud-init[658]: SHA256:/CH6bzf06YEjk/4/pVjCA1wBpwNZnxckaozQukLyUNY root@ubuntu-bionic
[   19.022864] cloud-init[658]: The key's randomart image is:
[   19.025289] cloud-init[658]: +--[ED25519 256]--+
[   19.027213] cloud-init[658]: |     ....oo.+oo  |
[   19.029626] cloud-init[658]: |    o E.o+ =.o . |
[   19.031820] cloud-init[658]: |   o   ...*.o .  |
[   19.033655] cloud-init[658]: |  o . .. .o. .   |
[   19.035780] cloud-init[658]: |   =   .S .o     |
[   19.038308] cloud-init[658]: |    o .. o o=.. .|
[   19.040784] cloud-init[658]: |     ..   =.o*.+ |
[   19.042927] cloud-init[658]: |       . ..o+.=. |
[   19.045288] cloud-init[658]: |        .ooo.+o. |
[   19.047971] cloud-init[658]: +----[SHA256]-----+
[[0;32m  OK  [0m] Started Initial cloud-init job (metadata service crawler).
[[0;32m  OK  [0m] Reached target Cloud-config availability.
[[0;32m  OK  [0m] Reached target Network is Online.
         Starting Availability of block devices...
[[0;32m  OK  [0m] Reached target Remote File Systems (Pre).
[[0;32m  OK  [0m] Reached target Remote File Systems.
[[0;32m  OK  [0m] Reached target System Initialization.
[[0;32m  OK  [0m] Started Message of the Day.
         Starting LXD - unix socket.
[[0;32m  OK  [0m] Listening on ACPID Listen Socket.
[[0;32m  OK  [0m] Listening on cloud-init hotplug hook socket.
[[0;32m  OK  [0m] Listening on D-Bus System Message Bus Socket.
[[0;32m  OK  [0m] Started Daily apt download activities.
         Starting Socket activation for snappy daemon.
[[0;32m  OK  [0m] Started Daily apt upgrade and clean activities.
[[0;32m  OK  [0m] Started Discard unused blocks once a week.
[[0;32m  OK  [0m] Listening on Open-iSCSI iscsid Socket.
[[0;32m  OK  [0m] Started Ubuntu Advantage Timer for running repeated jobs.
[[0;32m  OK  [0m] Started ACPI Events Check.
[[0;32m  OK  [0m] Reached target Paths.
[[0;32m  OK  [0m] Started Daily Cleanup of Temporary Directories.
[[0;32m  OK  [0m] Reached target Timers.
[[0;32m  OK  [0m] Listening on UUID daemon activation socket.
[[0;32m  OK  [0m] Started Availability of block devices.
[[0;32m  OK  [0m] Listening on LXD - unix socket.
[[0;32m  OK  [0m] Listening on Socket activation for snappy daemon.
[[0;32m  OK  [0m] Reached target Sockets.
[[0;32m  OK  [0m] Reached target Basic System.
         Starting LSB: Record successful boot for GRUB...
         Starting Dispatcher daemon for systemd-networkd...
[[0;32m  OK  [0m] Started FUSE filesystem for LXC.
         Starting Snap Daemon...
[[0;32m  OK  [0m] Started irqbalance daemon.
         Starting Login Service...
         Starting System Logging Service...
         Starting LXD - container startup/shutdown...
[[0;32m  OK  [0m] Started Regular background program processing daemon.
         Starting Permit User Sessions...
[[0;32m  OK  [0m] Started Deferred execution scheduler.
         Starting Pollinate to seed the pseudo random number generator...
         Starting Virtualbox guest utils...
         Starting LSB: automatic crash report generation...
[[0;32m  OK  [0m] Started D-Bus System Message Bus.
[[0;32m  OK  [0m] Started Login Service.
[[0;32m  OK  [0m] Started Unattended Upgrades Shutdown.
         Starting Accounts Service...
[[0;32m  OK  [0m] Started System Logging Service.
[[0;32m  OK  [0m] Started Permit User Sessions.
         Starting Terminate Plymouth Boot Screen...
         Starting Hold until boot process finishes up...
[[0;32m  OK  [0m] Started Hold until boot process finishes up.
         Starting Set console scheme...
[[0;32m  OK  [0m] Started Serial Getty on ttyS0.
[[0;32m  OK  [0m] Started Terminate Plymouth Boot Screen.
[[0;32m  OK  [0m] Started Dispatcher daemon for systemd-networkd.
[[0;32m  OK  [0m] Started Set console scheme.
[[0;32m  OK  [0m] Created slice system-getty.slice.
[[0;32m  OK  [0m] Started Getty on tty1.
[[0;32m  OK  [0m] Reached target Login Prompts.
         Starting Authorization Manager...
[[0;32m  OK  [0m] Started LSB: automatic crash report generation.
[[0;32m  OK  [0m] Started LXD - container startup/shutdown.
[[0;32m  OK  [0m] Started LSB: Record successful boot for GRUB.
[[0;32m  OK  [0m] Started Authorization Manager.
[[0;32m  OK  [0m] Started Accounts Service.
[[0;32m  OK  [0m] Started Virtualbox guest utils.
[[0;32m  OK  [0m] Started Snap Daemon.
         Starting Wait until snapd is fully seeded...
[[0;32m  OK  [0m] Started Wait until snapd is fully seeded.
         Starting Apply the settings specified in cloud-config...
         Starting Time & Date Service...
[[0;32m  OK  [0m] Started Time & Date Service.
[[0;32m  OK  [0m] Started Pollinate to seed the pseudo random number generator.
         Starting OpenBSD Secure Shell server...
[[0;32m  OK  [0m] Started OpenBSD Secure Shell server.
[[0;32m  OK  [0m] Created slice User Slice of vagrant.
         Starting User Manager for UID 1000...
[[0;32m  OK  [0m] Started Session 1 of user vagrant.
[[0;32m  OK  [0m] Started User Manager for UID 1000.
[   22.862070] cloud-init[1142]: Cloud-init v. 22.2-0ubuntu1~18.04.3 running 'modules:config' at Wed, 19 Oct 2022 18:40:12 +0000. Up 22.11 seconds.
[[0;32m  OK  [0m] Started Apply the settings specified in cloud-config.
[[0;32m  OK  [0m] Reached target Multi-User System.
[[0;32m  OK  [0m] Reached target Graphical Interface.
         Starting Update UTMP about System Runlevel Changes...
         Starting Execute cloud user/final scripts...
[[0;32m  OK  [0m] Started Update UTMP about System Runlevel Changes.
ci-info: no authorized SSH keys fingerprints found for user ubuntu.
<14>Oct 19 18:40:14 cloud-init: #############################################################
<14>Oct 19 18:40:14 cloud-init: -----BEGIN SSH HOST KEY FINGERPRINTS-----
<14>Oct 19 18:40:14 cloud-init: 1024 SHA256:RrUDxy9MHITXx2iHIPh4sGX/GVBp1zOzQa5s7cCghYg root@ubuntu-bionic (DSA)
<14>Oct 19 18:40:14 cloud-init: 256 SHA256:MCjZ43gSPNIPZTd/F2OXhlFr4Y103bWLmbd8zBxIYcQ root@ubuntu-bionic (ECDSA)
<14>Oct 19 18:40:14 cloud-init: 256 SHA256:/CH6bzf06YEjk/4/pVjCA1wBpwNZnxckaozQukLyUNY root@ubuntu-bionic (ED25519)
<14>Oct 19 18:40:14 cloud-init: 2048 SHA256:q76cO8fetni+2yIWEc20Ik6TNMMRVDiWkHqydcP3q6M root@ubuntu-bionic (RSA)
<14>Oct 19 18:40:14 cloud-init: -----END SSH HOST KEY FINGERPRINTS-----
<14>Oct 19 18:40:14 cloud-init: #############################################################
-----BEGIN SSH HOST KEY KEYS-----
ecdsa-sha2-nistp256 AAAAE2VjZHNhLXNoYTItbmlzdHAyNTYAAAAIbmlzdHAyNTYAAABBBPbdsDeWw1N6I+t7Jgjlarnid2h987RM9fE/D3NtztgzmTO5sAk9nt/Tf7YDd+VDDl53H5xjFQr8nAzFSRdSPd0= root@ubuntu-bionic
ssh-ed25519 AAAAC3NzaC1lZDI1NTE5AAAAIChlFMZiVDA9qkP5fmkefz5gfdTmsCvU5ODGjUZEaSJf root@ubuntu-bionic
ssh-rsa AAAAB3NzaC1yc2EAAAADAQABAAABAQDtnNhPEg6MZD165rL9qRYicAyijglq6ZaUNEIVBJYaqGJQzEfo6GypVYrv7u5eQusCJKljI+B02tVFvTlpwI954BFjhcrNqLRLl7OQRWZxvOFEkCNtthCjhhavWTw2t2FmJh+AEftl8jZUMrfQjTf9MCiVnkWFk6HNgq+lflLsYpZdHi6+q6UY4jyQWAvqEIFO17Zv4rj+5xZWz6QIfJXOPXOXbcB1XiQ92PJfkSZT88Oettb5jIFN9/Y54sgLLaMwaLtlvAWUlLioqin4a1LKakr/UK2XJgmp5uuxPgxYkFCjovAjWra8g6HweDsoyKEsYPb9JELyUO+vAn1V9h19 root@ubuntu-bionic
-----END SSH HOST KEY KEYS-----
[   23.606279] cloud-init[1279]: Cloud-init v. 22.2-0ubuntu1~18.04.3 running 'modules:final' at Wed, 19 Oct 2022 18:40:13 +0000. Up 23.36 seconds.
[   23.611088] cloud-init[1279]: Cloud-init v. 22.2-0ubuntu1~18.04.3 finished at Wed, 19 Oct 2022 18:40:14 +0000. Datasource DataSourceNoCloud [seed=/dev/sdb][dsmode=net].  Up 23.59 seconds
[[0;32m  OK  [0m] Started Execute cloud user/final scripts.
[[0;32m  OK  [0m] Reached target Cloud-init target.

Ubuntu 18.04.6 LTS ubuntu-bionic ttyS0

ubuntu-bionic login: [   91.037967] aufs aufs_fill_super:912:mount[3043]: no arg
[   91.064397] overlayfs: missing 'lowerdir'

Ubuntu 18.04.6 LTS ubuntu-bionic ttyS0

ubuntu-bionic login: [  229.701063] tmpfs: Bad value '0' for mount option 'nr_inodes'

Ubuntu 18.04.6 LTS ubuntu-bionic ttyS0

ubuntu-bionic login: 
Ubuntu 18.04.6 LTS ubuntu-bionic ttyS0

ubuntu-bionic login: 
Ubuntu 18.04.6 LTS ubuntu-bionic ttyS0

ubuntu-bionic login: 
Ubuntu 18.04.6 LTS ubuntu-bionic ttyS0

ubuntu-bionic login: 
Ubuntu 18.04.6 LTS ubuntu-bionic ttyS0

ubuntu-bionic login: 
Ubuntu 18.04.6 LTS ubuntu-bionic ttyS0

ubuntu-bionic login: 
Ubuntu 18.04.6 LTS ubuntu-bionic ttyS0

ubuntu-bionic login: 
Ubuntu 18.04.6 LTS ubuntu-bionic ttyS0

ubuntu-bionic login: 
Ubuntu 18.04.6 LTS ubuntu-bionic ttyS0

ubuntu-bionic login: 
Ubuntu 18.04.6 LTS ubuntu-bionic ttyS0

ubuntu-bionic login: 
Ubuntu 18.04.6 LTS ubuntu-bionic ttyS0

ubuntu-bionic login: 
Ubuntu 18.04.6 LTS ubuntu-bionic ttyS0

ubuntu-bionic login: 
Ubuntu 18.04.6 LTS ubuntu-bionic ttyS0

ubuntu-bionic login: 
Ubuntu 18.04.6 LTS ubuntu-bionic ttyS0

ubuntu-bionic login: 
Ubuntu 18.04.6 LTS ubuntu-bionic ttyS0

ubuntu-bionic login: 
Welcome to VyOS - vyos ttyS0

vyos login: 